// Jest Snapshot v1, https://goo.gl/fbAQLP

exports[`Test in <FirstApp> should match with snapshot 1`] = `
<div>
  <h1>
    Soy el titulo
  </h1>
  <h2
    data-testid="test-subtitle"
  >
    Sin Subtitulo
  </h2>
  <h3>
    Andres
     : 
    1
  </h3>
  <h3>
    Name is Andres
  </h3>
  <h3>
    Name is Paco
  </h3>
  <code>
    {"msg":"Hola","msg2":"Mundo"}
  </code>
</div>
`;
